../Core/Src/main.c:92:5:main	8	static
../Core/Src/main.c:168:6:SystemClock_Config	88	static
../Core/Src/main.c:211:6:Handle_state	8	static
../Core/Src/main.c:236:6:Handle_autonomous_state	8	static
../Core/Src/main.c:260:6:Handle_Emergency	8	static
../Core/Src/main.c:270:6:Peripheral_aquisition	8	static
../Core/Src/main.c:275:6:toggle_wdt	8	static
../Core/Src/main.c:289:6:HAL_ADC_ConvCpltCallback	16	static
../Core/Src/main.c:299:7:GetTemperature	40	static
../Core/Src/main.c:327:6:Error_Handler	4	static,ignoring_inline_asm
