../Core/Src/stm32f4xx_it.c:73:6:NMI_Handler	4	static
../Core/Src/stm32f4xx_it.c:87:6:HardFault_Handler	4	static,ignoring_inline_asm
../Core/Src/stm32f4xx_it.c:99:6:HardFault_HandlerC	64	static,ignoring_inline_asm
../Core/Src/stm32f4xx_it.c:134:6:MemManage_Handler	4	static
../Core/Src/stm32f4xx_it.c:149:6:BusFault_Handler	4	static
../Core/Src/stm32f4xx_it.c:164:6:UsageFault_Handler	4	static
../Core/Src/stm32f4xx_it.c:179:6:SVC_Handler	4	static
../Core/Src/stm32f4xx_it.c:192:6:DebugMon_Handler	4	static
../Core/Src/stm32f4xx_it.c:205:6:PendSV_Handler	4	static
../Core/Src/stm32f4xx_it.c:218:6:SysTick_Handler	8	static
../Core/Src/stm32f4xx_it.c:239:6:EXTI3_IRQHandler	8	static
../Core/Src/stm32f4xx_it.c:253:6:DMA1_Stream6_IRQHandler	8	static
../Core/Src/stm32f4xx_it.c:267:6:CAN1_RX0_IRQHandler	8	static
../Core/Src/stm32f4xx_it.c:281:6:CAN1_RX1_IRQHandler	8	static
../Core/Src/stm32f4xx_it.c:295:6:TIM2_IRQHandler	8	static
../Core/Src/stm32f4xx_it.c:309:6:USART2_IRQHandler	8	static
../Core/Src/stm32f4xx_it.c:323:6:DMA2_Stream0_IRQHandler	8	static
