../Core/Src/stm32f4xx_it.c:75:6:NMI_Handler	4	static
../Core/Src/stm32f4xx_it.c:89:6:HardFault_Handler	4	static,ignoring_inline_asm
../Core/Src/stm32f4xx_it.c:101:6:HardFault_HandlerC	64	static,ignoring_inline_asm
../Core/Src/stm32f4xx_it.c:136:6:MemManage_Handler	4	static
../Core/Src/stm32f4xx_it.c:151:6:BusFault_Handler	4	static
../Core/Src/stm32f4xx_it.c:166:6:UsageFault_Handler	4	static
../Core/Src/stm32f4xx_it.c:181:6:SVC_Handler	4	static
../Core/Src/stm32f4xx_it.c:194:6:DebugMon_Handler	4	static
../Core/Src/stm32f4xx_it.c:207:6:PendSV_Handler	4	static
../Core/Src/stm32f4xx_it.c:220:6:SysTick_Handler	8	static
../Core/Src/stm32f4xx_it.c:241:6:EXTI3_IRQHandler	8	static
../Core/Src/stm32f4xx_it.c:255:6:DMA1_Stream6_IRQHandler	8	static
../Core/Src/stm32f4xx_it.c:269:6:CAN1_RX0_IRQHandler	8	static
../Core/Src/stm32f4xx_it.c:283:6:CAN1_RX1_IRQHandler	8	static
../Core/Src/stm32f4xx_it.c:297:6:TIM2_IRQHandler	8	static
../Core/Src/stm32f4xx_it.c:311:6:USART1_IRQHandler	8	static
../Core/Src/stm32f4xx_it.c:325:6:USART2_IRQHandler	8	static
../Core/Src/stm32f4xx_it.c:339:6:DMA2_Stream0_IRQHandler	8	static
../Core/Src/stm32f4xx_it.c:353:6:DMA2_Stream7_IRQHandler	8	static
